[00:18:22.692] [INFO] Running automigrations
[00:18:22.695] [DEBUG] Extracting storybook data...
[00:18:22.695] [DEBUG] Getting Storybook info...
[00:18:22.710] [ERROR] [38;2;241;97;97mSB_CORE-SERVER_0006 (MainFileMissingError): No configuration files have been found in your configDir: [33m.storybook[39m.
Storybook needs a "main.js|ts" file, please add it.

You can pass a --config-dir flag to tell Storybook, where your main.js|ts file is located at.

More info: https://storybook.js.org/docs/configure?ref=error
[39m
    at validateConfigurationFiles (file:///home/amir/.npm/_npx/7f0b12aa0cbfbce2/node_modules/storybook/dist/_node-chunks/chunk-NQBOIYE4.js:9971:11)
    at async loadMainConfig (file:///home/amir/.npm/_npx/7f0b12aa0cbfbce2/node_modules/storybook/dist/_node-chunks/chunk-NQBOIYE4.js:11675:3)
    at async getStorybookInfo (file:///home/amir/.npm/_npx/7f0b12aa0cbfbce2/node_modules/storybook/dist/_node-chunks/chunk-NQBOIYE4.js:11798:59)
    at async getStorybookData (file:///home/amir/.npm/_npx/7f0b12aa0cbfbce2/node_modules/@storybook/cli/dist/_node-chunks/chunk-BH3XEHG4.js:169:7)
    at async doAutomigrate (file:///home/amir/.npm/_npx/7f0b12aa0cbfbce2/node_modules/@storybook/cli/dist/_node-chunks/run-NTMEAVO5.js:7751:7)
    at async file:///home/amir/.npm/_npx/7f0b12aa0cbfbce2/node_modules/@storybook/cli/dist/_node-chunks/run-NTMEAVO5.js:9715:90
    at async withTelemetry (file:///home/amir/.npm/_npx/7f0b12aa0cbfbce2/node_modules/storybook/dist/_node-chunks/chunk-6PADJQ3N.js:218:12)
[00:18:22.714] [INFO] Storybook collects completely anonymous usage telemetry. We use it to shape Storybook's roadmap and prioritize features. You can learn more, including how to opt out, at https://storybook.js.org/telemetry
[00:18:23.472] [ERROR] SB_CORE-SERVER_0006 (MainFileMissingError): No configuration files have been found in your configDir: [33m.storybook[39m.
Storybook needs a "main.js|ts" file, please add it.

You can pass a --config-dir flag to tell Storybook, where your main.js|ts file is located at.

More info: https://storybook.js.org/docs/configure?ref=error
